C51 COMPILER V9.57.0.0   DONGSHU                                                           11/16/2021 18:05:25 PAGE 1   


C51 COMPILER V9.57.0.0, COMPILATION OF MODULE DONGSHU
OBJECT MODULE PLACED IN .\Objects\dongshu.obj
COMPILER INVOKED BY: E:\APP\keil5\KEIL_5\C51\BIN\C51.EXE dongshu.c OPTIMIZE(8,SPEED) BROWSE DEBUG OBJECTEXTEND PRINT(.\L
                    -istings\dongshu.lst) TABS(2) OBJECT(.\Objects\dongshu.obj)

line level    source

   1          #include<reg52.h> 
   2          #define uchar unsigned char   //宏定义，为方便编程
   3          #define uint unsigned int
   4          #define DIGI P0         //宏定义，将P0口定义为数码管段选接口
   5          #define SELECT P2         //宏定义，将P2定义为数码管选择口
   6          
   7          uint num22 = 0;
   8          uint number=0;
   9          uint cn=0;
  10          uchar digivalue[]={0x3F,0x06,0x5B,0x4F,0x66,0x6D,0x7D,0x07,0x7f,0x6f};
  11          //uchar digivalue[]={0x3F,0x06,0x5B,0x4F,0x66,0x6D,0x7D,0x07};
  12          //显示的数字数组，依次为0，1，..，7
  13          uchar select[]={0x01,0x02,0x04,0x08,0x10,0x20,0x40,0x80}; //选择数码管数组，依次选择1，2，..，8
  14          
  15          void delay() //延迟函数，决定数码管跳变的间隔时间
  16          { 
  17   1        uchar ii=200; //若发现数码管闪烁，调节这里即可
  18   1        while(ii--);
  19   1      }
  20          
  21          void timer0Init(){
  22   1        TMOD=0x01;
  23   1        TH0=(65536-45872)/256;
  24   1        TL0=(65536-45872)%256;
  25   1        EA=1;
  26   1        ET0=1;
  27   1        TR0=1;
  28   1      }
  29          
  30          void display(){
  31   1        uchar i=0;
  32   1        while(1)       //00310209
  33   1        { 
  34   2          for(i=0;i<2;i++)    //8个数码管轮流显示
  35   2          {
  36   3            switch(i)
  37   3            {
  38   4              case 0:SELECT=select[i]; DIGI=digivalue[number%10];break;
  39   4              case 1:SELECT=select[i]; DIGI=digivalue[number/10];break;
  40   4            }
  41   3              //选择第i个数码管
  42   3            //DIGI=0x90;
  43   3              //显示i
  44   3            delay();
  45   3          } 
  46   2        }
  47   1      }
  48          
  49          main() //主函数
  50          {
  51   1        
  52   1      IE=10000101;    //p169            
  53   1      IT0=1;            
  54   1      IT1=1;            
C51 COMPILER V9.57.0.0   DONGSHU                                                           11/16/2021 18:05:25 PAGE 2   

  55   1      PX0=0;  //外部中断0为低优先级            
  56   1      PX1=1;  //外部中断1为高优先级            //高优先级打断低优先级  
  57   1        //timer0Init();
  58   1        display();
  59   1      }
  60          
  61          void INIT_0(void) interrupt 0       //?D??0     p3.2    高闪低灭,高灭低闪
  62          {    
  63   1        number++;
  64   1      }
  65          
  66          /*
  67          void time0() interrupt 1
  68          {
  69              if(number>99){
  70                number=0;
  71              }
  72              if(cn==20){
  73              number++;
  74              cn=0;
  75              }
  76              cn++;
  77          }
  78          */
*** WARNING C290 IN LINE 59 OF dongshu.c: missing return value


MODULE INFORMATION:   STATIC OVERLAYABLE
   CODE SIZE        =    118    ----
   CONSTANT SIZE    =   ----    ----
   XDATA SIZE       =   ----    ----
   PDATA SIZE       =   ----    ----
   DATA SIZE        =     24    ----
   IDATA SIZE       =   ----    ----
   BIT SIZE         =   ----    ----
END OF MODULE INFORMATION.


C51 COMPILATION COMPLETE.  1 WARNING(S),  0 ERROR(S)
